$ git init
Initialized empty Git repository in C:/Users/Evgenija/Desktop/SI_2023_lab1_171171/.git/

$ git remote add origin https://github.com/Evgenija998/SI_2023_lab1_171171
$ git remote -v
origin  https://github.com/Evgenija998/SI_2023_lab1_171171 (fetch)
origin  https://github.com/Evgenija998/SI_2023_lab1_171171 (push)

$ mv README.md.txt README.md
$ git add README.md
$ git commit -m "Initial commit"
[master (root-commit) 4491947] Initial commit
 1 file changed, 1 insertion(+)
 create mode 100644 README.md

$ git add SILab1.java
$ git commit -m "Add java class"
[master 66d9b96] Add java class
 1 file changed, 41 insertions(+)
 create mode 100644 SILab1.java

$ git push --all
Enumerating objects: 6, done.
Counting objects: 100% (6/6), done.
Delta compression using up to 4 threads
Compressing objects: 100% (4/4), done.
Writing objects: 100% (6/6), 836 bytes | 418.00 KiB/s, done.
Total 6 (delta 0), reused 0 (delta 0), pack-reused 0
To https://github.com/Evgenija998/SI_2023_lab1_171171
 * [new branch]      master -> master

$ git branch bug1
$ git branch bug2
$ git branch bug3

$ git checkout bug1
$ git add SILab1.java
$ git commit -m "Fix wrong loop for reading"
[bug1 5bbd902] Fix wrong loop for reading
 1 file changed, 1 insertion(+), 1 deletion(-)

$ git checkout bug2
$ git add SILab1.java
$ git commit -m "Fix wrong condition in filterOddNumbers"
[bug2 3476a69] Fix wrong condition in filterOddNumbers
 1 file changed, 1 insertion(+), 1 deletion(-)

$ git checkout bug3
$ git add SILab1.java
$ git commit -m " Fix method sumEvenNumbers"
[bug3 f7773c0]  Fix method sumEvenNumbers
 1 file changed, 2 insertions(+), 2 deletions(-)

$ git push --all
Enumerating objects: 11, done.
Counting objects: 100% (11/11), done.
Delta compression using up to 4 threads
Compressing objects: 100% (9/9), done.
Writing objects: 100% (9/9), 830 bytes | 415.00 KiB/s, done.
Total 9 (delta 5), reused 0 (delta 0), pack-reused 0
remote: Resolving deltas: 100% (5/5), completed with 1 local object.
To https://github.com/Evgenija998/SI_2023_lab1_171171
 * [new branch]      bug1 -> bug1
 * [new branch]      bug2 -> bug2
 * [new branch]      bug3 -> bug3


$ git checkout master

$ git merge bug1
Updating 66d9b96..5bbd902
Fast-forward
 SILab1.java | 2 +-
 1 file changed, 1 insertion(+), 1 deletion(-)


$ git push --all
Total 0 (delta 0), reused 0 (delta 0), pack-reused 0
To https://github.com/Evgenija998/SI_2023_lab1_171171
   66d9b96..5bbd902  master -> master

$ git merge bug2
Auto-merging SILab1.java
Merge made by the 'ort' strategy.
 SILab1.java | 2 +-
 1 file changed, 1 insertion(+), 1 deletion(-)


$ git push --all
Enumerating objects: 7, done.
Counting objects: 100% (7/7), done.
Delta compression using up to 4 threads
Compressing objects: 100% (3/3), done.
Writing objects: 100% (3/3), 359 bytes | 179.00 KiB/s, done.
Total 3 (delta 1), reused 0 (delta 0), pack-reused 0
remote: Resolving deltas: 100% (1/1), completed with 1 local object.
To https://github.com/Evgenija998/SI_2023_lab1_171171
   5bbd902..11c0aed  master -> master


$ git checkout bug3


$ git rebase master
Successfully rebased and updated refs/heads/bug3.

$ git checkout master

$ git merge bug3

$ git push --all
Enumerating objects: 1, done.
Counting objects: 100% (1/1), done.
Writing objects: 100% (1/1), 226 bytes | 226.00 KiB/s, done.
Total 1 (delta 0), reused 0 (delta 0), pack-reused 0
To https://github.com/Evgenija998/SI_2023_lab1_171171
   f7773c0..163ef6d  bug3 -> bug3
   06cd494..163ef6d  master -> master


$ touch logs.txt
$ vim logs.txt





